1 4 9 16 25 36 49 64 81 100 121 144 169 196 225 256 289 324 361 400 
400 361 324 289 256 225 196 169 144 121 100 81 64 49 36 25 16 9 4 1 
